#-----------------------------------------------------------
# Vivado v2022.2 (64-bit)
# SW Build 3671981 on Fri Oct 14 05:00:03 MDT 2022
# IP Build 3669848 on Fri Oct 14 08:30:02 MDT 2022
# Start of session at: Fri Apr 18 02:19:11 2025
# Process ID: 149492
# Current directory: C:/ECE385/ECE385-STMOUSE/Final_Project/FPGA-SDcard-Reader-SPI-master/FPGA-SDcard-Reader-SPI-master/example-vivado-readfile/Nexys4-ReadFile.runs/synth_1
# Command line: vivado.exe -log fpga_top.vds -product Vivado -mode batch -messageDb vivado.pb -notrace -source fpga_top.tcl
# Log file: C:/ECE385/ECE385-STMOUSE/Final_Project/FPGA-SDcard-Reader-SPI-master/FPGA-SDcard-Reader-SPI-master/example-vivado-readfile/Nexys4-ReadFile.runs/synth_1/fpga_top.vds
# Journal file: C:/ECE385/ECE385-STMOUSE/Final_Project/FPGA-SDcard-Reader-SPI-master/FPGA-SDcard-Reader-SPI-master/example-vivado-readfile/Nexys4-ReadFile.runs/synth_1\vivado.jou
# Running On: DESKTOP-808U3NO, OS: Windows, CPU Frequency: 2995 MHz, CPU Physical cores: 4, Host memory: 34074 MB
#-----------------------------------------------------------
source fpga_top.tcl -notrace
