#-----------------------------------------------------------
# Vivado v2022.2 (64-bit)
# SW Build 3671981 on Fri Oct 14 05:00:03 MDT 2022
# IP Build 3669848 on Fri Oct 14 08:30:02 MDT 2022
# Start of session at: Fri Apr 18 00:57:13 2025
# Process ID: 100384
# Current directory: C:/ECE385/ECE385-STMOUSE/Final_Project/FPGA-SDcard-Reader-SPI-master/FPGA-SDcard-Reader-SPI-master/example-vivado-readfile
# Command line: vivado.exe -gui_launcher_event rodinguilauncherevent142612 C:\ECE385\ECE385-STMOUSE\Final_Project\FPGA-SDcard-Reader-SPI-master\FPGA-SDcard-Reader-SPI-master\example-vivado-readfile\Nexys4-ReadFile.xpr
# Log file: C:/ECE385/ECE385-STMOUSE/Final_Project/FPGA-SDcard-Reader-SPI-master/FPGA-SDcard-Reader-SPI-master/example-vivado-readfile/vivado.log
# Journal file: C:/ECE385/ECE385-STMOUSE/Final_Project/FPGA-SDcard-Reader-SPI-master/FPGA-SDcard-Reader-SPI-master/example-vivado-readfile\vivado.jou
# Running On: DESKTOP-808U3NO, OS: Windows, CPU Frequency: 2995 MHz, CPU Physical cores: 4, Host memory: 34074 MB
#-----------------------------------------------------------
start_guiopen_project -part xc7s50csga324-1 C:/ECE385/ECE385-STMOUSE/Final_Project/FPGA-SDcard-Reader-SPI-master/FPGA-SDcard-Reader-SPI-master/example-vivado-readfile/Nexys4-ReadFile.xpr
update_compile_order -fileset sources_1
add_files -norecurse {C:/ECE385/ECE385-STMOUSE/Final_Project/FPGA-SDcard-Reader-SPI-master/FPGA-SDcard-Reader-SPI-master/RTL/sd_spi_file_reader.v C:/ECE385/ECE385-STMOUSE/Final_Project/FPGA-SDcard-Reader-SPI-master/FPGA-SDcard-Reader-SPI-master/RTL/spi_session.v C:/ECE385/ECE385-STMOUSE/Final_Project/FPGA-SDcard-Reader-SPI-master/FPGA-SDcard-Reader-SPI-master/RTL/sd_spi_sector_reader.v}
reset_run clk_wiz_0_synth_1
reset_run synth_1
launch_runs impl_1 -jobs 8
wait_on_run impl_1
launch_runs impl_1 -to_step write_bitstream -jobs 8
wait_on_run impl_1
reset_run synth_1
launch_runs impl_1 -to_step write_bitstream -jobs 8
wait_on_run impl_1
reset_run synth_1
launch_runs impl_1 -to_step write_bitstream -jobs 8
wait_on_run impl_1
reset_run synth_1
launch_runs impl_1 -to_step write_bitstream -jobs 8
wait_on_run impl_1
reset_run synth_1
launch_runs impl_1 -to_step write_bitstream -jobs 8
wait_on_run impl_1
open_run impl_1
