Nothing to build in platform 'mb_usb_hdmi_top'

22:19:36 **** Incremental Build of configuration Debug for project lab7_1 ****
make all 
'Building file: ../src/helloworld.c'
'Invoking: MicroBlaze gcc compiler'
mb-gcc -Wall -O0 -g3 -c -fmessage-length=0 -MT"src/helloworld.o" -IC:/Users/timhs/OneDrive/Documents/Vivado/Lab_7.1/Lab7.1_vitis/mb_usb_hdmi_top/export/mb_usb_hdmi_top/sw/mb_usb_hdmi_top/standalone_microblaze_0/bspinclude/include -mno-xl-reorder -mlittle-endian -mxl-barrel-shift -mxl-pattern-compare -mcpu=v11.0 -mno-xl-soft-mul -Wl,--no-relax -ffunction-sections -fdata-sections -MMD -MP -MF"src/helloworld.d" -MT"src/helloworld.o" -o "src/helloworld.o" "../src/helloworld.c"
../src/helloworld.c: In function 'main':
../src/helloworld.c:57:5: warning: implicit declaration of function 'hdmiTestWeek1' [-Wimplicit-function-declaration]
   57 |     hdmiTestWeek1();
      |     ^~~~~~~~~~~~~
'Finished building: ../src/helloworld.c'
' '
'Building target: lab7_1.elf'
'Invoking: MicroBlaze gcc linker'
mb-gcc -Wl,-T -Wl,../src/lscript.ld -LC:/Users/timhs/OneDrive/Documents/Vivado/Lab_7.1/Lab7.1_vitis/mb_usb_hdmi_top/export/mb_usb_hdmi_top/sw/mb_usb_hdmi_top/standalone_microblaze_0/bsplib/lib -mlittle-endian -mxl-barrel-shift -mxl-pattern-compare -mcpu=v11.0 -mno-xl-soft-mul -Wl,--no-relax -Wl,--gc-sections -o "lab7_1.elf"  ./src/hdmi_text_controller.o ./src/helloworld.o ./src/platform.o   -Wl,--start-group,-lxil,-lgcc,-lc,--end-group
'Finished building target: lab7_1.elf'
' '
'Invoking: MicroBlaze Print Size'
mb-size lab7_1.elf  |tee "lab7_1.elf.size"
   text	   data	    bss	    dec	    hex	filename
  67892	   1728	   3172	  72792	  11c58	lab7_1.elf
'Finished building: lab7_1.elf.size'
' '
22:19:38 **** Build of configuration Debug for project lab7_1_system ****
make all 
Skipping SD card image generation. Reason: "The system project only has applications for microblaze processors."
