Nothing to build in platform 'mb_usb_hdmi_top'

21:52:49 **** Incremental Build of configuration Debug for project mb_usb_hdmi ****
make all 
'Building file: ../src/lw_usb/MAX3421E.c'
'Invoking: MicroBlaze gcc compiler'
mb-gcc -Wall -O0 -g3 -c -fmessage-length=0 -MT"src/lw_usb/MAX3421E.o" -IC:/Users/timhs/OneDrive/Documents/Vivado/Lab_6.2/Lab6.2_vitis/mb_usb_hdmi_top/export/mb_usb_hdmi_top/sw/mb_usb_hdmi_top/standalone_microblaze_0/bspinclude/include -mno-xl-reorder -mlittle-endian -mxl-barrel-shift -mxl-pattern-compare -mcpu=v11.0 -mno-xl-soft-mul -Wl,--no-relax -ffunction-sections -fdata-sections -MMD -MP -MF"src/lw_usb/MAX3421E.d" -MT"src/lw_usb/MAX3421E.o" -o "src/lw_usb/MAX3421E.o" "../src/lw_usb/MAX3421E.c"
In file included from C:/Users/timhs/OneDrive/Documents/Vivado/Lab_6.2/Lab6.2_vitis/mb_usb_hdmi_top/export/mb_usb_hdmi_top/sw/mb_usb_hdmi_top/standalone_microblaze_0/bspinclude/include/xspi.h:303,
                 from ../src/lw_usb/MAX3421E.c:14:
../src/lw_usb/MAX3421E.c: In function 'SPI_init':
C:/Users/timhs/OneDrive/Documents/Vivado/Lab_6.2/Lab6.2_vitis/mb_usb_hdmi_top/export/mb_usb_hdmi_top/sw/mb_usb_hdmi_top/standalone_microblaze_0/bspinclude/include/xstatus.h:44:41: warning: 'return' with a value, in function returning void [-Wreturn-type]
   44 | #define XST_DEVICE_NOT_FOUND            2L
      |                                         ^~
../src/lw_usb/MAX3421E.c:40:24: note: in expansion of macro 'XST_DEVICE_NOT_FOUND'
   40 |                 return XST_DEVICE_NOT_FOUND;
      |                        ^~~~~~~~~~~~~~~~~~~~
../src/lw_usb/MAX3421E.c:34:6: note: declared here
   34 | void SPI_init() {
      |      ^~~~~~~~
In file included from C:/Users/timhs/OneDrive/Documents/Vivado/Lab_6.2/Lab6.2_vitis/mb_usb_hdmi_top/export/mb_usb_hdmi_top/sw/mb_usb_hdmi_top/standalone_microblaze_0/bspinclude/include/xspi.h:303,
                 from ../src/lw_usb/MAX3421E.c:14:
C:/Users/timhs/OneDrive/Documents/Vivado/Lab_6.2/Lab6.2_vitis/mb_usb_hdmi_top/export/mb_usb_hdmi_top/sw/mb_usb_hdmi_top/standalone_microblaze_0/bspinclude/include/xstatus.h:43:41: warning: 'return' with a value, in function returning void [-Wreturn-type]
   43 | #define XST_FAILURE                     1L
      |                                         ^~
../src/lw_usb/MAX3421E.c:46:24: note: in expansion of macro 'XST_FAILURE'
   46 |                 return XST_FAILURE;
      |                        ^~~~~~~~~~~
../src/lw_usb/MAX3421E.c:34:6: note: declared here
   34 | void SPI_init() {
      |      ^~~~~~~~
../src/lw_usb/MAX3421E.c: In function 'MAX3421E_Task':
../src/lw_usb/MAX3421E.c:321:46: warning: suggest parentheses around comparison in operand of '&' [-Wparentheses]
  321 |         if (XGpio_DiscreteRead(&Gpio_int, 1) & 0x01 == 0) {
      |                                              ^
../src/lw_usb/MAX3421E.c: In function 'MaxGpxHandler':
../src/lw_usb/MAX3421E.c:357:14: warning: variable 'GPINIRQ' set but not used [-Wunused-but-set-variable]
  357 |         BYTE GPINIRQ;
      |              ^~~~~~~
../src/lw_usb/MAX3421E.c: In function 'MAXbytes_wr':
../src/lw_usb/MAX3421E.c:128:1: warning: control reaches end of non-void function [-Wreturn-type]
  128 | }
      | ^
../src/lw_usb/MAX3421E.c: In function 'MAXbytes_rd':
../src/lw_usb/MAX3421E.c:181:1: warning: control reaches end of non-void function [-Wreturn-type]
  181 | }
      | ^
'Finished building: ../src/lw_usb/MAX3421E.c'
' '
'Building target: mb_usb_hdmi.elf'
'Invoking: MicroBlaze gcc linker'
mb-gcc -Wl,-T -Wl,../src/lscript.ld -LC:/Users/timhs/OneDrive/Documents/Vivado/Lab_6.2/Lab6.2_vitis/mb_usb_hdmi_top/export/mb_usb_hdmi_top/sw/mb_usb_hdmi_top/standalone_microblaze_0/bsplib/lib -mlittle-endian -mxl-barrel-shift -mxl-pattern-compare -mcpu=v11.0 -mno-xl-soft-mul -Wl,--no-relax -Wl,--gc-sections -o "mb_usb_hdmi.elf"  ./src/lw_usb/HID.o ./src/lw_usb/MAX3421E.o ./src/lw_usb/transfer.o  ./src/lw_usb_main.o ./src/platform.o   -Wl,--start-group,-lxil,-lgcc,-lc,--end-group
'Finished building target: mb_usb_hdmi.elf'
' '
'Invoking: MicroBlaze Print Size'
mb-size mb_usb_hdmi.elf  |tee "mb_usb_hdmi.elf.size"
   text	   data	    bss	    dec	    hex	filename
  22944	    488	   3672	  27104	   69e0	mb_usb_hdmi.elf
'Finished building: mb_usb_hdmi.elf.size'
' '
21:52:51 **** Incremental Build of configuration Debug for project mb_usb_hdmi_system ****
make all 
Skipping SD card image generation. Reason: "The system project only has applications for microblaze processors."
