14:10:36 **** Incremental Build of configuration Debug for project mb_intro_acc ****
make all 
'Building file: ../src/mb_intro_acc.c'
'Invoking: MicroBlaze gcc compiler'
mb-gcc -Wall -O0 -g3 -c -fmessage-length=0 -MT"src/mb_intro_acc.o" -IC:/Users/timhs/OneDrive/Documents/Vivado/Lab_6.1/Lab_6.1/Vitis/mb_intro_top_acc/export/mb_intro_top_acc/sw/mb_intro_top_acc/standalone_microblaze_0/bspinclude/include -mno-xl-reorder -mlittle-endian -mxl-barrel-shift -mxl-pattern-compare -mcpu=v11.0 -mno-xl-soft-mul -Wl,--no-relax -ffunction-sections -fdata-sections -MMD -MP -MF"src/mb_intro_acc.d" -MT"src/mb_intro_acc.o" -o "src/mb_intro_acc.o" "../src/mb_intro_acc.c"
'Finished building: ../src/mb_intro_acc.c'
' '
'Building target: mb_intro_acc.elf'
'Invoking: MicroBlaze gcc linker'
mb-gcc -Wl,-T -Wl,../src/lscript.ld -LC:/Users/timhs/OneDrive/Documents/Vivado/Lab_6.1/Lab_6.1/Vitis/mb_intro_top_acc/export/mb_intro_top_acc/sw/mb_intro_top_acc/standalone_microblaze_0/bsplib/lib -mlittle-endian -mxl-barrel-shift -mxl-pattern-compare -mcpu=v11.0 -mno-xl-soft-mul -Wl,--no-relax -Wl,--gc-sections -o "mb_intro_acc.elf"  ./src/mb_intro_acc.o ./src/platform.o   -Wl,--start-group,-lxil,-lgcc,-lc,--end-group
'Finished building target: mb_intro_acc.elf'
' '
'Invoking: MicroBlaze Print Size'
mb-size mb_intro_acc.elf  |tee "mb_intro_acc.elf.size"
   text	   data	    bss	    dec	    hex	filename
   2472	    332	   3116	   5920	   1720	mb_intro_acc.elf
'Finished building: mb_intro_acc.elf.size'
' '

14:10:37 Build Finished (took 957ms)

