case__154: 
muxpart__153: 
reg__122: 
muxpart__112: 
muxpart__45: 
logic__504: 
logic__392: 
case__160: 
reg__94: 
logic__815: 
datapath__23: 
muxpart__113: 
case__99: 
datapath__2: 
logic__249: 
muxpart__99: 
reg__19: 
case__171: 
logic__885: 
logic__203: 
logic__669: 
logic__901: 
case__136: 
logic__406: 
case__135: 
logic__692: 
logic__83: 
case__133: 
reg__114: 
logic__701: 
dsp48e1__2: 
muxpart__70: 
logic__667: 
reg__120: 
logic__462: 
logic__559: 
reg__111: 
datapath__35: 
logic__494: 
logic__732: 
datapath__29: 
muxpart__75: 
case__201: 
case__98: 
logic__552: 
logic__11: 
muxpart__128: 
case__123: 
reg__44: 
reg__124: 
muxpart__137: 
case__63: 
logic__230: 
muxpart__71: 
logic__518: 
reg__14: 
muxpart__2: 
logic__592: 
logic__454: 
logic__55: 
case__194: 
reg__6: 
dsp48e1__1: 
datapath__9: 
logic__849: 
datapath__14: 
logic__232: 
muxpart__93: 
logic__656: 
logic__868: 
logic__261: 
logic__760: 
muxpart__73: 
case__92: 
reg__41: 
muxpart__98: 
logic__730: 
muxpart__79: 
muxpart__53: 
muxpart__155: 
case__30: 
logic__326: 
logic__865: 
muxpart__145: 
muxpart__69: 
case__5: 
logic__390: 
muxpart__160: 
logic__562: 
muxpart__165: 
logic__472: 
reg__86: 
logic__902: 
logic__717: 
logic__714: 
logic__502: 
logic__49: 
reg__39: 
logic__438: 
logic__473: 
logic__293: 
reg__72: 
case__90: 
muxpart__94: 
muxpart__131: 
logic__324: 
datapath__20: 
reg__116: 
logic__698: 
logic__32: 
logic__852: 
counter__2: 
muxpart__119: 
sd_file_reader: 
case__149: 
case__116: 
logic__486: 
logic__240: 
logic__872: 
datapath__41: 
datapath__6: 
reg__83: 
case__101: 
reg__93: 
case__4: 
muxpart__114: 
case__188: 
reg__60: 
logic__650: 
logic__895: 
reg__119: 
reg__50: 
logic__551: 
reg__35: 
muxpart__77: 
logic__9: 
muxpart__151: 
logic__92: 
case__29: 
muxpart__68: 
reg__52: 
logic__424: 
case__71: 
muxpart__60: 
reg__78: 
reg__5: 
logic__202: 
datapath__38: 
case__115: 
logic__95: 
logic__882: 
logic__770: 
case__110: 
muxpart__92: 
logic__586: 
case__157: 
case__141: 
reg__121: 
logic__903: 
case__144: 
logic__147: 
reg__102: 
logic__713: 
logic__73: 
case__64: 
case__189: 
case__69: 
reg__55: 
case__87: 
case__59: 
case__198: 
datapath__19: 
logic__898: 
datapath__5: 
logic__839: 
datapath__12: 
case__23: 
logic__398: 
reg__115: 
case__50: 
logic__866: 
logic__239: 
case__119: 
case__33: 
reg__84: 
logic__505: 
case__138: 
muxpart__90: 
case__65: 
logic__733: 
logic__524: 
case__158: 
dsp48e1__3: 
case__91: 
logic__189: 
reg__32: 
datapath__27: 
case__20: 
logic__30: 
muxpart__51: 
case__120: 
case__76: 
muxpart__118: 
case__197: 
reg__104: 
muxpart__129: 
reg__109: 
fpga_top: 
logic__4: 
dsp48e1__4: 
muxpart__142: 
case__134: 
reg__21: 
muxpart__61: 
case__161: 
logic__389: 
case__6: 
reg__74: 
reg__125: 
reg__80: 
logic__24: 
logic__216: 
muxpart__20: 
datapath__49: 
reg__61: 
case__53: 
muxpart__154: 
case__100: 
logic__67: 
logic__585: 
case__156: 
muxpart__130: 
logic__900: 
logic__231: 
logic__883: 
logic__440: 
logic__690: 
case__11: 
logic__18: 
logic__564: 
muxpart__161: 
muxpart__141: 
datapath__43: 
case__145: 
logic__603: 
logic__275: 
muxpart__115: 
datapath__33: 
logic__219: 
case: 
logic__430: 
case__32: 
logic__287: 
case__88: 
muxpart__121: 
reg__25: 
datapath__40: 
reg__106: 
case__155: 
muxpart__124: 
logic__426: 
logic__871: 
logic__223: 
reg__112: 
muxpart__169: 
logic__427: 
datapath__45: 
reg__46: 
logic__781: 
case__21: 
case__25: 
reg__53: 
logic__429: 
logic__104: 
logic__790: 
logic__904: 
logic__729: 
case__125: 
reg__73: 
logic__340: 
muxpart__42: 
logic__387: 
case__67: 
muxpart__23: 
muxpart__103: 
logic__807: 
logic__314: 
logic__165: 
logic__651: 
reg__4: 
case__162: 
logic__491: 
case__74: 
muxpart__97: 
datapath__30: 
logic__517: 
muxpart__72: 
reg__82: 
case__199: 
logic__306: 
case__31: 
case__102: 
logic__784: 
logic__29: 
datapath__39: 
logic__536: 
case__153: 
logic__12: 
logic__6: 
logic__778: 
muxpart__87: 
case__22: 
reg__81: 
case__106: 
case__3: 
reg__45: 
datapath__37: 
logic__245: 
logic__886: 
reg__64: 
logic__666: 
logic__39: 
muxpart__152: 
reg__33: 
logic__200: 
datapath__11: 
logic__8: 
reg__16: 
logic__318: 
reg: 
case__109: 
reg__51: 
case__170: 
logic__874: 
muxpart__167: 
logic__794: 
logic__558: 
logic__204: 
logic__897: 
logic__377: 
muxpart__102: 
reg__91: 
muxpart__30: 
sdcmd_ctrl: 
logic__355: 
case__80: 
logic__830: 
muxpart__43: 
reg__71: 
datapath__24: 
logic__951: 
logic__27: 
muxpart__28: 
logic__432: 
muxpart__104: 
logic__33: 
reg__87: 
logic__591: 
muxpart__58: 
datapath__16: 
logic__422: 
case__169: 
case__142: 
reg__29: 
logic__213: 
logic__829: 
logic__99: 
muxpart__101: 
muxpart__63: 
counter__5: 
muxpart__158: 
logic__623: 
case__196: 
reg__66: 
logic__35: 
case__89: 
datapath__7: 
case__107: 
logic__441: 
case__140: 
case__15: 
muxpart__120: 
muxpart__144: 
case__148: 
logic__803: 
logic__461: 
logic__847: 
muxpart__100: 
case__93: 
muxpart__29: 
reg__100: 
muxpart__126: 
logic__682: 
reg__103: 
case__127: 
logic__649: 
muxpart__133: 
muxpart__84: 
logic__330: 
case__147: 
muxpart__125: 
reg__1: 
datapath__46: 
datapath__17: 
case__13: 
logic__214: 
logic__488: 
logic__722: 
logic__527: 
logic__211: 
logic__572: 
case__79: 
muxpart__107: 
case__112: 
case__131: 
case__9: 
logic__380: 
reg__75: 
logic__363: 
reg__48: 
logic__100: 
reg__22: 
case__61: 
case__78: 
logic__862: 
logic__263: 
reg__47: 
case__137: 
muxpart__135: 
logic__206: 
muxpart__22: 
reg__113: 
reg__43: 
logic__21: 
muxpart__143: 
reg__70: 
case__150: 
logic__362: 
logic__785: 
logic__150: 
logic__237: 
logic__284: 
logic__31: 
muxpart__49: 
case__51: 
muxpart__47: 
muxpart__89: 
datapath__15: 
muxpart__40: 
muxpart__122: 
case__168: 
logic__484: 
case__8: 
reg__40: 
logic__15: 
counter__3: 
reg__95: 
reg__9: 
logic__455: 
logic__217: 
logic__221: 
case__122: 
muxpart__108: 
logic__605: 
reg__68: 
case__143: 
muxpart__27: 
datapath__4: 
logic__3: 
muxpart__168: 
reg__57: 
case__94: 
muxpart__136: 
muxpart__55: 
case__96: 
reg__36: 
case__152: 
logic__382: 
logic__779: 
logic__601: 
logic__44: 
reg__31: 
logic__856: 
reg__10: 
logic__594: 
case__86: 
datapath__36: 
case__70: 
logic__228: 
muxpart__86: 
logic__25: 
muxpart__46: 
case__84: 
case__18: 
logic__561: 
datapath__21: 
datapath: 
muxpart__117: 
datapath__1: 
logic__420: 
muxpart__35: 
case__77: 
logic__199: 
logic__668: 
reg__54: 
reg__26: 
muxpart__38: 
case__105: 
logic__554: 
datapath__44: 
case__19: 
logic__556: 
logic: 
muxpart__81: 
case__128: 
case__146: 
logic__657: 
case__85: 
logic__843: 
logic__907: 
logic__36: 
case__191: 
logic__539: 
case__165: 
case__12: 
logic__459: 
logic__357: 
logic__38: 
logic__246: 
muxpart__64: 
logic__234: 
logic__528: 
case__192: 
muxpart__166: 
case__27: 
logic__419: 
case__52: 
muxpart__62: 
case__132: 
muxpart__138: 
logic__255: 
muxpart__67: 
reg__18: 
muxpart__134: 
logic__744: 
logic__16: 
logic__616: 
muxpart__31: 
case__172: 
reg__98: 
reg__129: 
muxpart__52: 
muxpart__39: 
case__126: 
extram: 
logic__869: 
logic__622: 
logic__162: 
logic__628: 
logic__587: 
muxpart: 
logic__625: 
case__14: 
logic__220: 
case__190: 
muxpart__162: 
muxpart__18: 
logic__618: 
logic__761: 
muxpart__88: 
logic__589: 
case__24: 
logic__723: 
logic__658: 
reg__65: 
reg__58: 
logic__573: 
case__187: 
logic__743: 
muxpart__25: 
reg__62: 
logic__626: 
reg__110: 
muxpart__54: 
logic__84: 
case__55: 
reg__49: 
datapath__13: 
logic__700: 
case__164: 
reg__69: 
logic__207: 
reg__27: 
reg__15: 
logic__636: 
logic__766: 
muxpart__24: 
logic__522: 
reg__76: 
logic__248: 
muxpart__146: 
logic__715: 
muxpart__110: 
reg__107: 
counter__4: 
logic__720: 
logic__107: 
logic__853: 
reg__97: 
case__73: 
muxpart__171: 
muxpart__1: 
reg__2: 
muxpart__48: 
logic__686: 
case__1: 
muxpart__116: 
logic__17: 
datapath__18: 
logic__243: 
reg__79: 
logic__376: 
dsp48e1: 
logic__457: 
reg__90: 
muxpart__140: 
muxpart__139: 
datapath__28: 
datapath__32: 
logic__802: 
muxpart__19: 
muxpart__85: 
logic__680: 
logic__272: 
case__104: 
logic__846: 
reg__77: 
logic__384: 
muxpart__56: 
logic__68: 
logic__305: 
case__97: 
reg__3: 
case__113: 
logic__525: 
case__151: 
logic__776: 
logic__453: 
logic__304: 
case__173: 
muxpart__26: 
logic__368: 
logic__336: 
logic__950: 
reg__34: 
reg__85: 
muxpart__57: 
case__129: 
logic__840: 
reg__42: 
muxpart__174: 
logic__10: 
reg__92: 
case__111: 
logic__5: 
muxpart__44: 
logic__687: 
logic__227: 
logic__620: 
muxpart__59: 
muxpart__36: 
case__193: 
muxpart__148: 
logic__490: 
muxpart__123: 
reg__17: 
muxpart__91: 
case__166: 
muxpart__163: 
logic__82: 
muxpart__132: 
case__121: 
logic__292: 
muxpart__83: 
logic__877: 
logic__288: 
muxpart__96: 
reg__130: 
case__54: 
logic__858: 
logic__146: 
case__195: 
logic__762: 
logic__59: 
logic__85: 
reg__37: 
reg__126: 
logic__659: 
muxpart__33: 
muxpart__50: 
logic__470: 
logic__22: 
logic__238: 
logic__819: 
logic__208: 
logic__62: 
logic__463: 
muxpart__78: 
case__7: 
reg__118: 
logic__538: 
logic__343: 
reg__11: 
logic__719: 
logic__634: 
muxpart__95: 
case__118: 
logic__496: 
reg__7: 
logic__595: 
case__200: 
logic__471: 
reg__63: 
logic__268: 
logic__350: 
logic__269: 
reg__101: 
logic__34: 
muxpart__172: 
reg__59: 
datapath__31: 
muxpart__82: 
logic__23: 
logic__655: 
muxpart__80: 
logic__679: 
logic__386: 
reg__8: 
logic__37: 
logic__460: 
case__83: 
case__66: 
logic__399: 
logic__604: 
logic__7: 
counter__6: 
muxpart__74: 
muxpart__37: 
reg__108: 
muxpart__34: 
logic__530: 
sd_reader: 
logic__878: 
muxpart__41: 
logic__615: 
logic__775: 
case__81: 
muxpart__149: 
muxpart__66: 
logic__2: 
logic__910: 
reg__105: 
muxpart__109: 
logic__160: 
muxpart__157: 
reg__20: 
muxpart__150: 
datapath__8: 
logic__242: 
case__62: 
dsp48e1__5: 
logic__855: 
logic__233: 
logic__81: 
logic__880: 
case__159: 
muxpart__21: 
reg__67: 
logic__493: 
muxpart__32: 
logic__483: 
logic__828: 
muxpart__156: 
case__108: 
case__117: 
case__103: 
logic__262: 
logic__859: 
reg__28: 
case__34: 
datapath__25: 
logic__80: 
logic__28: 
case__163: 
case__124: 
logic__77: 
reg__117: 
case__139: 
logic__684: 
logic__315: 
reg__13: 
case__28: 
logic__74: 
reg__30: 
reg__56: 
muxpart__127: 
case__17: 
reg__123: 
logic__896: 
reg__89: 
case__68: 
logic__63: 
case__130: 
logic__356: 
logic__264: 
case__95: 
logic__689: 
datapath__34: 
counter: 
datapath__47: 
muxpart__3: 
muxpart__76: 
reg__12: 
logic__782: 
logic__721: 
reg__38: 
muxpart__147: 
logic__850: 
muxpart__105: 
datapath__48: 
muxpart__170: 
logic__774: 
muxpart__111: 
logic__788: 
case__2: 
case__167: 
muxpart__164: 
case__75: 
logic__570: 
logic__322: 
logic__757: 
reg__99: 
logic__520: 
case__10: 
muxpart__159: 
muxpart__106: 
logic__834: 
logic__235: 
logic__407: 
logic__45: 
muxpart__175: 
logic__637: 
logic__653: 
muxpart__65: 
datapath__3: 
logic__602: 
counter__1: 
datapath__26: 
case__16: 
case__114: 
logic__469: 
logic__875: 
logic__731: 
muxpart__173: 
logic__593: 
reg__88: 
case__82: 
uart_tx: 
datapath__42: 
reg__96: 
datapath__22: 
logic__665: 
logic__787: 
case__26: 
